// Jest Snapshot v1, https://goo.gl/fbAQLP

exports[`ProductItem | component | integration test matches snapshot 1`] = `
<View
  accessible={true}
  style={
    Object {
      "alignItems": "center",
      "flexDirection": "row",
      "justifyContent": "space-between",
      "marginBottom": 12,
      "paddingHorizontal": 10,
      "paddingVertical": 12,
      "width": "100%",
    }
  }
>
  <View>
    <Text
      style={
        Array [
          Object {
            "fontSize": 24,
            "fontWeight": "bold",
            "marginBottom": 6,
          },
          Object {
            "color": "#000000",
          },
        ]
      }
    >
      Product name display
    </Text>
    <Text
      style={
        Array [
          Object {
            "fontSize": 16,
          },
          Object {
            "color": "#000000",
          },
        ]
      }
    >
      $
      100.00
    </Text>
  </View>
  <View
    style={
      Object {
        "alignItems": "center",
        "flexDirection": "row",
        "justifyContent": "center",
      }
    }
  >
    <View
      accessibilityLabel="Remover produto"
      accessibilityRole="button"
      accessible={true}
      collapsable={false}
      focusable={false}
      onClick={[Function]}
      onResponderGrant={[Function]}
      onResponderMove={[Function]}
      onResponderRelease={[Function]}
      onResponderTerminate={[Function]}
      onResponderTerminationRequest={[Function]}
      onStartShouldSetResponder={[Function]}
      style={
        Object {
          "alignItems": "center",
          "borderColor": "#444444",
          "borderRadius": 20,
          "borderWidth": 1,
          "height": 40,
          "justifyContent": "center",
          "opacity": 1,
          "width": 40,
        }
      }
    >
      <Text
        style={
          Array [
            Object {
              "fontSize": 22,
            },
            Object {
              "color": "#000000",
            },
          ]
        }
      >
        -
      </Text>
    </View>
    <Text
      accessibilityLabel="Número de produtos: 2"
      style={
        Array [
          Object {
            "fontSize": 19,
            "marginHorizontal": 15,
            "marginVertical": 0,
          },
          Object {
            "color": "#000000",
          },
        ]
      }
    >
      2
    </Text>
    <View
      accessibilityLabel="Adicionar produto"
      accessibilityRole="button"
      accessible={true}
      collapsable={false}
      focusable={false}
      onClick={[Function]}
      onResponderGrant={[Function]}
      onResponderMove={[Function]}
      onResponderRelease={[Function]}
      onResponderTerminate={[Function]}
      onResponderTerminationRequest={[Function]}
      onStartShouldSetResponder={[Function]}
      style={
        Object {
          "alignItems": "center",
          "borderColor": "#444444",
          "borderRadius": 20,
          "borderWidth": 1,
          "height": 40,
          "justifyContent": "center",
          "opacity": 1,
          "width": 40,
        }
      }
    >
      <Text
        style={
          Array [
            Object {
              "fontSize": 22,
            },
            Object {
              "color": "#000000",
            },
          ]
        }
      >
        +
      </Text>
    </View>
  </View>
</View>
`;
